--------------
>> 2 * x = x ==> x = 0
>> x = 2 * x ==> -1 * x = 0
>> 2 * x = 3 * x ==> -1 * x = 0
>> 3 * x = 2 * x ==> x = 0
--------------
>> 1 = x ==> 1 = x
>> x = y + x ==> 0 = y
>> x = x + y ==> 0 = y
>> 1 + x = x ==> false
>> 0 = x + y ==> 0 = y + x
>> 1 = x + y ==> 1 = y + x
>> 0 = n + m ==> 0 = n + m
