--------------
>> x + y ==> x + y
>> x + y + z ==> x + (y + z)
>> x + y + z + w ==> x + (y + (z + w))
>> x + x ==> 2 * x
>> x + x + x ==> 3 * x
>> x + y + x + y ==> 2 * x + 2 * y
>> x + y + x + y + x + y ==> 3 * x + 3 * y
>> x + y + x + y + 1 ==> 1 + (2 * x + 2 * y)
>> 1 + x + y + x + y + 1 ==> 2 + (2 * x + 2 * y)
>> 0 + 0 * x + x + y + -1 * x + y + 1 ==> 1 + 2 * y
>> 0 + 0 * x + x + y + -1 * x + -1 * y + 1 ==> 1
>> 0 + 0 * x + x + y + -1 * x + -1 * y + 1 + -1 ==> 0
>> 1 + 2 + 3 + x + 2 * x + 1 ==> 7 + 3 * x
--------------
>> x = x ==> 0 = 0
>> x + y = x + y ==> 0 = 0
>> x + y = y + x ==> 0 = 0
>> 2 * x + y = y + 2 * x ==> 0 = 0
>> 2 * x + 3 * y = 3 * y + 2 * x ==> 0 = 0
--------------
>> 2 * x = x ==> x = 0
>> x = 2 * x ==> -x = 0
>> 2 * x = 3 * x ==> -x = 0
>> 3 * x = 2 * x ==> x = 0
--------------
>> 1 = x ==> 1 = x
>> x = y + x ==> 0 = y
>> x = x + y ==> 0 = y
>> 1 + x = x ==> 0 = -1
>> 0 = x + y ==> 0 = x + y
>> 1 = x + y ==> 1 = x + y
--------------
>> 0 = x + y ==> -x + -y = 0
>> 1 = x + y ==> -x + -y = -1
>> 0 = x + y + z ==> -x + (-y + -z) = 0
>> -1 = -1 * x + -1 * y + -1 * z ==> x + (y + z) = 1
--------------
>> x * y = y * x ==> 0 = 0
>> x * y * x = y * x * x ==> 0 = 0
>> x * y * x = x * x * y ==> 0 = 0
--------------
>> 2 * x * y * x * 4 = 8 * (x * (x * y)) ==> 0 = 0
>> 2 * x * y * 3 = 6 * (x * y) ==> 0 = 0
--------------
>> 3 * x * (y + z) * 2 = 6 * x * (y + z) ==> 0 = 0
>> (x + y) * 3 * (y + z) * 2 = 6 * (x + y) * (y + z) ==> 0 = 0
--------------
>> 2 * (x + y) = 0 ==> 2 * x + 2 * y = 0
>> 2 * (x + y) = 2 * x + 2 * y ==> 0 = 0
>> 3 * x * (y + z) * 2 = 6 * x * y + 6 * x * z ==> 0 = 0
>> (x + y) * 2 * (z + w) * 3 = 5 * x * z + 5 * y * z + 5 * x * w + 5 * y * w ==> z * x + (z * y + (x * w + y * w)) = 0
>> (x + y) * 3 * (y + z) * 2 = 6 * x * y + 6 * x * z + 6 * y * y + 6 * y * z ==> 0 = 0
>> (x + v) * (y + z) * (w + y * (z + u)) = (w + y * (z + u)) * (z + y) * (v + x) ==> 0 = 0
>> x * (y + x * (y + x * (y + x))) = x * y + x * x * y + x * x * x * y + x * x * x * x ==> 0 = 0
--------------
>> -x = -1 * x ==> 0 = 0
>> -(5 * x) = -5 * x ==> 0 = 0
>> -(-5 * x) = 5 * x ==> 0 = 0
>> - -x = x ==> 0 = 0
>> - - -x = -x ==> 0 = 0
>> x + -x ==> 0
>> x + -x + -4 * x + 4 * -x + 8 * x ==> 0
>> x + -x + -4 * x + 4 * -x + 8 * x ==> 0
>> x * -y + -x * y + -x * -y * x * y ==> -2 * (y * x) + y * (y * (x * x))
>> x + y + -x + -y ==> 0
>> -(x * y) = x * -y ==> 0 = 0
>> -(x * -y) = x * y ==> 0 = 0
>> -(x * -(y + z)) = x * y + -x * z ==> -(-(y * x) + -(z * x)) + (-(y * x) + z * x) = 0
>> x * -y + -x * y + -x * -y + x * y ==> 0
