1::2::nil : list num
1::2::3::4::5::nil : list num
